<html>
<head><title>TEST</title></head>
<body>

<h1>TEST</h1>
Link: <a href="info.html">info.html</a></body>
</html>